// Jest Snapshot v1, https://goo.gl/fbAQLP

exports[`createTextImage 1.快照调用 1`] = `[Function]`;
