// Jest Snapshot v1, https://goo.gl/fbAQLP

exports[`presentWebViewUrl 1.快照调用 1`] = `[Function]`;

exports[`pushWebViewUrl 1.快照调用 1`] = `[Function]`;
