// Jest Snapshot v1, https://goo.gl/fbAQLP

exports[`createWaterMark 1.快照调用 1`] = `[Function]`;
